Archive member included to satisfy reference by file (symbol)

c:/winavr/bin/../lib/gcc/avr/7.3.0/avr5\libgcc.a(_exit.o)
                              c:/winavr/bin/../lib/gcc/avr/7.3.0/../../../../avr/lib/avr5/crtatmega328p.o (exit)
c:/winavr/bin/../lib/gcc/avr/7.3.0/avr5\libgcc.a(_copy_data.o)
                              obj\Debug\Hydropo\main.o (__do_copy_data)
c:/winavr/bin/../lib/gcc/avr/7.3.0/avr5\libgcc.a(_clear_bss.o)
                              obj\Debug\Hydropo\main.o (__do_clear_bss)
c:/winavr/bin/../lib/gcc/avr/7.3.0/avr5\libgcc.a(_umulhisi3.o)
                              obj\Debug\dht11.o (__umulhisi3)
c:/winavr/bin/../lib/gcc/avr/7.3.0/../../../../avr/lib/avr5\libm.a(cmpsf2.o)
                              obj\Debug\lcd_i2c.o (__ltsf2)
c:/winavr/bin/../lib/gcc/avr/7.3.0/../../../../avr/lib/avr5\libm.a(divsf3.o)
                              obj\Debug\lcd_i2c.o (__divsf3)
c:/winavr/bin/../lib/gcc/avr/7.3.0/../../../../avr/lib/avr5\libm.a(divsf3x.o)
                              c:/winavr/bin/../lib/gcc/avr/7.3.0/../../../../avr/lib/avr5\libm.a(divsf3.o) (__divsf3x)
c:/winavr/bin/../lib/gcc/avr/7.3.0/../../../../avr/lib/avr5\libm.a(fixunssfsi.o)
                              obj\Debug\lcd_i2c.o (__fixunssfsi)
c:/winavr/bin/../lib/gcc/avr/7.3.0/../../../../avr/lib/avr5\libm.a(fp_cmp.o)
                              c:/winavr/bin/../lib/gcc/avr/7.3.0/../../../../avr/lib/avr5\libm.a(cmpsf2.o) (__fp_cmp)
c:/winavr/bin/../lib/gcc/avr/7.3.0/../../../../avr/lib/avr5\libm.a(fp_inf.o)
                              c:/winavr/bin/../lib/gcc/avr/7.3.0/../../../../avr/lib/avr5\libm.a(divsf3x.o) (__fp_inf)
c:/winavr/bin/../lib/gcc/avr/7.3.0/../../../../avr/lib/avr5\libm.a(fp_nan.o)
                              c:/winavr/bin/../lib/gcc/avr/7.3.0/../../../../avr/lib/avr5\libm.a(divsf3x.o) (__fp_nan)
c:/winavr/bin/../lib/gcc/avr/7.3.0/../../../../avr/lib/avr5\libm.a(fp_pscA.o)
                              c:/winavr/bin/../lib/gcc/avr/7.3.0/../../../../avr/lib/avr5\libm.a(divsf3x.o) (__fp_pscA)
c:/winavr/bin/../lib/gcc/avr/7.3.0/../../../../avr/lib/avr5\libm.a(fp_pscB.o)
                              c:/winavr/bin/../lib/gcc/avr/7.3.0/../../../../avr/lib/avr5\libm.a(divsf3x.o) (__fp_pscB)
c:/winavr/bin/../lib/gcc/avr/7.3.0/../../../../avr/lib/avr5\libm.a(fp_round.o)
                              c:/winavr/bin/../lib/gcc/avr/7.3.0/../../../../avr/lib/avr5\libm.a(divsf3.o) (__fp_round)
c:/winavr/bin/../lib/gcc/avr/7.3.0/../../../../avr/lib/avr5\libm.a(fp_split3.o)
                              c:/winavr/bin/../lib/gcc/avr/7.3.0/../../../../avr/lib/avr5\libm.a(divsf3x.o) (__fp_split3)
c:/winavr/bin/../lib/gcc/avr/7.3.0/../../../../avr/lib/avr5\libm.a(fp_zero.o)
                              c:/winavr/bin/../lib/gcc/avr/7.3.0/../../../../avr/lib/avr5\libm.a(fixunssfsi.o) (__fp_zero)
c:/winavr/bin/../lib/gcc/avr/7.3.0/../../../../avr/lib/avr5\libm.a(gesf2.o)
                              obj\Debug\lcd_i2c.o (__gtsf2)
c:/winavr/bin/../lib/gcc/avr/7.3.0/../../../../avr/lib/avr5\libm.a(mulsf3.o)
                              obj\Debug\lcd_i2c.o (__mulsf3)
c:/winavr/bin/../lib/gcc/avr/7.3.0/../../../../avr/lib/avr5\libm.a(mulsf3x.o)
                              c:/winavr/bin/../lib/gcc/avr/7.3.0/../../../../avr/lib/avr5\libm.a(mulsf3.o) (__mulsf3x)
c:/winavr/bin/../lib/gcc/avr/7.3.0/../../../../avr/lib/avr5\libc.a(itoa.o)
                              obj\Debug\Hydropo\main.o (itoa)
c:/winavr/bin/../lib/gcc/avr/7.3.0/../../../../avr/lib/avr5\libc.a(itoa_ncheck.o)
                              c:/winavr/bin/../lib/gcc/avr/7.3.0/../../../../avr/lib/avr5\libc.a(itoa.o) (__itoa_ncheck)
c:/winavr/bin/../lib/gcc/avr/7.3.0/../../../../avr/lib/avr5\libc.a(utoa_ncheck.o)
                              c:/winavr/bin/../lib/gcc/avr/7.3.0/../../../../avr/lib/avr5\libc.a(itoa_ncheck.o) (__utoa_common)
c:/winavr/bin/../lib/gcc/avr/7.3.0/../../../../avr/lib/avr5\libc.a(strrev.o)
                              c:/winavr/bin/../lib/gcc/avr/7.3.0/../../../../avr/lib/avr5\libc.a(utoa_ncheck.o) (strrev)

Allocating common symbols
Common symbol       size              file

D_RH                0x1               obj\Debug\Hydropo\main.o
CheckSum            0x1               obj\Debug\Hydropo\main.o
I_Temp              0x1               obj\Debug\Hydropo\main.o
I_RH                0x1               obj\Debug\Hydropo\main.o
D_Temp              0x1               obj\Debug\Hydropo\main.o
receivedChar        0x1               obj\Debug\Hydropo\main.o

Memory Configuration

Name             Origin             Length             Attributes
text             0x0000000000000000 0x0000000000008000 xr
data             0x0000000000800100 0x0000000000000800 rw !x
eeprom           0x0000000000810000 0x0000000000000400 rw !x
fuse             0x0000000000820000 0x0000000000000003 rw !x
lock             0x0000000000830000 0x0000000000000400 rw !x
signature        0x0000000000840000 0x0000000000000400 rw !x
user_signatures  0x0000000000850000 0x0000000000000400 rw !x
*default*        0x0000000000000000 0xffffffffffffffff

Linker script and memory map

Address of section .data set to 0x800100
LOAD c:/winavr/bin/../lib/gcc/avr/7.3.0/../../../../avr/lib/avr5/crtatmega328p.o
LOAD obj\Debug\dht11.o
LOAD obj\Debug\lcd_i2c.o
LOAD obj\Debug\Hydropo\main.o
LOAD obj\Debug\wl.o
START GROUP
LOAD c:/winavr/bin/../lib/gcc/avr/7.3.0/avr5\libgcc.a
LOAD c:/winavr/bin/../lib/gcc/avr/7.3.0/../../../../avr/lib/avr5\libm.a
LOAD c:/winavr/bin/../lib/gcc/avr/7.3.0/../../../../avr/lib/avr5\libc.a
LOAD c:/winavr/bin/../lib/gcc/avr/7.3.0/../../../../avr/lib/avr5\libatmega328p.a
END GROUP
                0x0000000000000000                __TEXT_REGION_ORIGIN__ = DEFINED (__TEXT_REGION_ORIGIN__)?__TEXT_REGION_ORIGIN__:0x0
                [0x0000000000800100]                __DATA_REGION_ORIGIN__ = DEFINED (__DATA_REGION_ORIGIN__)?__DATA_REGION_ORIGIN__:0x800060
                [0x0000000000008000]                __TEXT_REGION_LENGTH__ = DEFINED (__TEXT_REGION_LENGTH__)?__TEXT_REGION_LENGTH__:0x20000
                [0x0000000000000800]                __DATA_REGION_LENGTH__ = DEFINED (__DATA_REGION_LENGTH__)?__DATA_REGION_LENGTH__:0xffa0
                [0x0000000000000400]                __EEPROM_REGION_LENGTH__ = DEFINED (__EEPROM_REGION_LENGTH__)?__EEPROM_REGION_LENGTH__:0x10000
                [0x0000000000000003]                __FUSE_REGION_LENGTH__ = DEFINED (__FUSE_REGION_LENGTH__)?__FUSE_REGION_LENGTH__:0x400
                0x0000000000000400                __LOCK_REGION_LENGTH__ = DEFINED (__LOCK_REGION_LENGTH__)?__LOCK_REGION_LENGTH__:0x400
                0x0000000000000400                __SIGNATURE_REGION_LENGTH__ = DEFINED (__SIGNATURE_REGION_LENGTH__)?__SIGNATURE_REGION_LENGTH__:0x400
                0x0000000000000400                __USER_SIGNATURE_REGION_LENGTH__ = DEFINED (__USER_SIGNATURE_REGION_LENGTH__)?__USER_SIGNATURE_REGION_LENGTH__:0x400

.hash
 *(.hash)

.dynsym
 *(.dynsym)

.dynstr
 *(.dynstr)

.gnu.version
 *(.gnu.version)

.gnu.version_d
 *(.gnu.version_d)

.gnu.version_r
 *(.gnu.version_r)

.rel.init
 *(.rel.init)

.rela.init
 *(.rela.init)

.rel.text
 *(.rel.text)
 *(.rel.text.*)
 *(.rel.gnu.linkonce.t*)

.rela.text
 *(.rela.text)
 *(.rela.text.*)
 *(.rela.gnu.linkonce.t*)

.rel.fini
 *(.rel.fini)

.rela.fini
 *(.rela.fini)

.rel.rodata
 *(.rel.rodata)
 *(.rel.rodata.*)
 *(.rel.gnu.linkonce.r*)

.rela.rodata
 *(.rela.rodata)
 *(.rela.rodata.*)
 *(.rela.gnu.linkonce.r*)

.rel.data
 *(.rel.data)
 *(.rel.data.*)
 *(.rel.gnu.linkonce.d*)

.rela.data
 *(.rela.data)
 *(.rela.data.*)
 *(.rela.gnu.linkonce.d*)

.rel.ctors
 *(.rel.ctors)

.rela.ctors
 *(.rela.ctors)

.rel.dtors
 *(.rel.dtors)

.rela.dtors
 *(.rela.dtors)

.rel.got
 *(.rel.got)

.rela.got
 *(.rela.got)

.rel.bss
 *(.rel.bss)

.rela.bss
 *(.rela.bss)

.rel.plt
 *(.rel.plt)

.rela.plt
 *(.rela.plt)

.text           0x0000000000000000     0x1b04
 *(.vectors)
 .vectors       0x0000000000000000       0x68 c:/winavr/bin/../lib/gcc/avr/7.3.0/../../../../avr/lib/avr5/crtatmega328p.o
                0x0000000000000000                __vector_default
                0x0000000000000000                __vectors
 *(.vectors)
 *(.progmem.gcc*)
                0x0000000000000068                . = ALIGN (0x2)
                0x0000000000000068                __trampolines_start = .
 *(.trampolines)
 .trampolines   0x0000000000000068        0x0 linker stubs
 *(.trampolines*)
                0x0000000000000068                __trampolines_end = .
 *libprintf_flt.a:*(.progmem.data)
 *libc.a:*(.progmem.data)
 *(.progmem*)
                0x0000000000000068                . = ALIGN (0x2)
 *(.jumptables)
 *(.jumptables*)
 *(.lowtext)
 *(.lowtext*)
                0x0000000000000068                __ctors_start = .
 *(.ctors)
                0x0000000000000068                __ctors_end = .
                0x0000000000000068                __dtors_start = .
 *(.dtors)
                0x0000000000000068                __dtors_end = .
 SORT(*)(.ctors)
 SORT(*)(.dtors)
 *(.init0)
 .init0         0x0000000000000068        0x0 c:/winavr/bin/../lib/gcc/avr/7.3.0/../../../../avr/lib/avr5/crtatmega328p.o
                0x0000000000000068                __init
 *(.init0)
 *(.init1)
 *(.init1)
 *(.init2)
 .init2         0x0000000000000068        0xc c:/winavr/bin/../lib/gcc/avr/7.3.0/../../../../avr/lib/avr5/crtatmega328p.o
 *(.init2)
 *(.init3)
 *(.init3)
 *(.init4)
 .init4         0x0000000000000074       0x16 c:/winavr/bin/../lib/gcc/avr/7.3.0/avr5\libgcc.a(_copy_data.o)
                0x0000000000000074                __do_copy_data
 .init4         0x000000000000008a       0x10 c:/winavr/bin/../lib/gcc/avr/7.3.0/avr5\libgcc.a(_clear_bss.o)
                0x000000000000008a                __do_clear_bss
 *(.init4)
 *(.init5)
 *(.init5)
 *(.init6)
 *(.init6)
 *(.init7)
 *(.init7)
 *(.init8)
 *(.init8)
 *(.init9)
 .init9         0x000000000000009a        0x8 c:/winavr/bin/../lib/gcc/avr/7.3.0/../../../../avr/lib/avr5/crtatmega328p.o
 *(.init9)
 *(.text)
 .text          0x00000000000000a2        0x4 c:/winavr/bin/../lib/gcc/avr/7.3.0/../../../../avr/lib/avr5/crtatmega328p.o
                0x00000000000000a2                __vector_22
                0x00000000000000a2                __vector_1
                0x00000000000000a2                __vector_24
                0x00000000000000a2                __vector_12
                0x00000000000000a2                __bad_interrupt
                0x00000000000000a2                __vector_6
                0x00000000000000a2                __vector_3
                0x00000000000000a2                __vector_23
                0x00000000000000a2                __vector_25
                0x00000000000000a2                __vector_11
                0x00000000000000a2                __vector_13
                0x00000000000000a2                __vector_17
                0x00000000000000a2                __vector_19
                0x00000000000000a2                __vector_7
                0x00000000000000a2                __vector_5
                0x00000000000000a2                __vector_4
                0x00000000000000a2                __vector_9
                0x00000000000000a2                __vector_2
                0x00000000000000a2                __vector_21
                0x00000000000000a2                __vector_15
                0x00000000000000a2                __vector_8
                0x00000000000000a2                __vector_14
                0x00000000000000a2                __vector_10
                0x00000000000000a2                __vector_16
                0x00000000000000a2                __vector_20
 .text          0x00000000000000a6       0xdc obj\Debug\dht11.o
                0x00000000000000a6                dht11_init
                0x00000000000000e0                dht11_read
 .text          0x0000000000000182      0x964 obj\Debug\lcd_i2c.o
                0x0000000000000182                i2c_init
                0x00000000000001ae                i2c_start
                0x00000000000001d6                i2c_stop
                0x0000000000000206                i2c_write
                0x000000000000023e                lcd_init
                0x0000000000000454                lcd_clrscr
                0x0000000000000566                lcd_gotoxy
                0x000000000000059c                lcd_puts
                0x00000000000005da                lcd_putc
                0x00000000000005f6                lcd_command
                0x000000000000063c                lcd_data
                0x0000000000000682                lcd_toggle_enable
                0x0000000000000abc                lcd_backlight
 .text          0x0000000000000ae6      0xbba obj\Debug\Hydropo\main.o
                0x0000000000000ae6                Request
                0x0000000000000c28                Response
                0x0000000000000c8c                Receive_data
                0x0000000000000f0c                init_adc
                0x0000000000000f30                read_adc
                0x0000000000000f92                display_data
                0x0000000000001088                control_devices
                0x000000000000116e                uart_init
                0x00000000000011ba                uart_transmit
                0x00000000000011f0                __vector_18
                0x000000000000123a                main
 .text          0x00000000000016a0       0xa8 obj\Debug\wl.o
                0x00000000000016a0                waterlevel_sensor_init
                0x00000000000016dc                waterlevel_sensor_read
 .text          0x0000000000001748        0x0 c:/winavr/bin/../lib/gcc/avr/7.3.0/avr5\libgcc.a(_exit.o)
 .text          0x0000000000001748        0x0 c:/winavr/bin/../lib/gcc/avr/7.3.0/avr5\libgcc.a(_copy_data.o)
 .text          0x0000000000001748        0x0 c:/winavr/bin/../lib/gcc/avr/7.3.0/avr5\libgcc.a(_clear_bss.o)
 .text          0x0000000000001748        0x0 c:/winavr/bin/../lib/gcc/avr/7.3.0/avr5\libgcc.a(_umulhisi3.o)
 .text          0x0000000000001748        0x0 c:/winavr/bin/../lib/gcc/avr/7.3.0/../../../../avr/lib/avr5\libm.a(cmpsf2.o)
 .text          0x0000000000001748        0x0 c:/winavr/bin/../lib/gcc/avr/7.3.0/../../../../avr/lib/avr5\libm.a(divsf3.o)
 .text          0x0000000000001748        0x0 c:/winavr/bin/../lib/gcc/avr/7.3.0/../../../../avr/lib/avr5\libm.a(divsf3x.o)
 .text          0x0000000000001748        0x0 c:/winavr/bin/../lib/gcc/avr/7.3.0/../../../../avr/lib/avr5\libm.a(fixunssfsi.o)
 .text          0x0000000000001748        0x0 c:/winavr/bin/../lib/gcc/avr/7.3.0/../../../../avr/lib/avr5\libm.a(fp_cmp.o)
 .text          0x0000000000001748        0x0 c:/winavr/bin/../lib/gcc/avr/7.3.0/../../../../avr/lib/avr5\libm.a(fp_inf.o)
 .text          0x0000000000001748        0x0 c:/winavr/bin/../lib/gcc/avr/7.3.0/../../../../avr/lib/avr5\libm.a(fp_nan.o)
 .text          0x0000000000001748        0x0 c:/winavr/bin/../lib/gcc/avr/7.3.0/../../../../avr/lib/avr5\libm.a(fp_pscA.o)
 .text          0x0000000000001748        0x0 c:/winavr/bin/../lib/gcc/avr/7.3.0/../../../../avr/lib/avr5\libm.a(fp_pscB.o)
 .text          0x0000000000001748        0x0 c:/winavr/bin/../lib/gcc/avr/7.3.0/../../../../avr/lib/avr5\libm.a(fp_round.o)
 .text          0x0000000000001748        0x0 c:/winavr/bin/../lib/gcc/avr/7.3.0/../../../../avr/lib/avr5\libm.a(fp_split3.o)
 .text          0x0000000000001748        0x0 c:/winavr/bin/../lib/gcc/avr/7.3.0/../../../../avr/lib/avr5\libm.a(fp_zero.o)
 .text          0x0000000000001748        0x0 c:/winavr/bin/../lib/gcc/avr/7.3.0/../../../../avr/lib/avr5\libm.a(gesf2.o)
 .text          0x0000000000001748        0x0 c:/winavr/bin/../lib/gcc/avr/7.3.0/../../../../avr/lib/avr5\libm.a(mulsf3.o)
 .text          0x0000000000001748        0x0 c:/winavr/bin/../lib/gcc/avr/7.3.0/../../../../avr/lib/avr5\libm.a(mulsf3x.o)
 .text          0x0000000000001748        0x0 c:/winavr/bin/../lib/gcc/avr/7.3.0/../../../../avr/lib/avr5\libc.a(itoa.o)
 .text          0x0000000000001748        0x0 c:/winavr/bin/../lib/gcc/avr/7.3.0/../../../../avr/lib/avr5\libc.a(itoa_ncheck.o)
 .text          0x0000000000001748        0x0 c:/winavr/bin/../lib/gcc/avr/7.3.0/../../../../avr/lib/avr5\libc.a(utoa_ncheck.o)
 .text          0x0000000000001748        0x0 c:/winavr/bin/../lib/gcc/avr/7.3.0/../../../../avr/lib/avr5\libc.a(strrev.o)
                0x0000000000001748                . = ALIGN (0x2)
 *(.text.*)
 .text.libgcc.mul
                0x0000000000001748        0x0 c:/winavr/bin/../lib/gcc/avr/7.3.0/avr5\libgcc.a(_exit.o)
 .text.libgcc.div
                0x0000000000001748        0x0 c:/winavr/bin/../lib/gcc/avr/7.3.0/avr5\libgcc.a(_exit.o)
 .text.libgcc   0x0000000000001748        0x0 c:/winavr/bin/../lib/gcc/avr/7.3.0/avr5\libgcc.a(_exit.o)
 .text.libgcc.prologue
                0x0000000000001748        0x0 c:/winavr/bin/../lib/gcc/avr/7.3.0/avr5\libgcc.a(_exit.o)
 .text.libgcc.builtins
                0x0000000000001748        0x0 c:/winavr/bin/../lib/gcc/avr/7.3.0/avr5\libgcc.a(_exit.o)
 .text.libgcc.fmul
                0x0000000000001748        0x0 c:/winavr/bin/../lib/gcc/avr/7.3.0/avr5\libgcc.a(_exit.o)
 .text.libgcc.fixed
                0x0000000000001748        0x0 c:/winavr/bin/../lib/gcc/avr/7.3.0/avr5\libgcc.a(_exit.o)
 .text.libgcc.mul
                0x0000000000001748        0x0 c:/winavr/bin/../lib/gcc/avr/7.3.0/avr5\libgcc.a(_copy_data.o)
 .text.libgcc.div
                0x0000000000001748        0x0 c:/winavr/bin/../lib/gcc/avr/7.3.0/avr5\libgcc.a(_copy_data.o)
 .text.libgcc   0x0000000000001748        0x0 c:/winavr/bin/../lib/gcc/avr/7.3.0/avr5\libgcc.a(_copy_data.o)
 .text.libgcc.prologue
                0x0000000000001748        0x0 c:/winavr/bin/../lib/gcc/avr/7.3.0/avr5\libgcc.a(_copy_data.o)
 .text.libgcc.builtins
                0x0000000000001748        0x0 c:/winavr/bin/../lib/gcc/avr/7.3.0/avr5\libgcc.a(_copy_data.o)
 .text.libgcc.fmul
                0x0000000000001748        0x0 c:/winavr/bin/../lib/gcc/avr/7.3.0/avr5\libgcc.a(_copy_data.o)
 .text.libgcc.fixed
                0x0000000000001748        0x0 c:/winavr/bin/../lib/gcc/avr/7.3.0/avr5\libgcc.a(_copy_data.o)
 .text.libgcc.mul
                0x0000000000001748        0x0 c:/winavr/bin/../lib/gcc/avr/7.3.0/avr5\libgcc.a(_clear_bss.o)
 .text.libgcc.div
                0x0000000000001748        0x0 c:/winavr/bin/../lib/gcc/avr/7.3.0/avr5\libgcc.a(_clear_bss.o)
 .text.libgcc   0x0000000000001748        0x0 c:/winavr/bin/../lib/gcc/avr/7.3.0/avr5\libgcc.a(_clear_bss.o)
 .text.libgcc.prologue
                0x0000000000001748        0x0 c:/winavr/bin/../lib/gcc/avr/7.3.0/avr5\libgcc.a(_clear_bss.o)
 .text.libgcc.builtins
                0x0000000000001748        0x0 c:/winavr/bin/../lib/gcc/avr/7.3.0/avr5\libgcc.a(_clear_bss.o)
 .text.libgcc.fmul
                0x0000000000001748        0x0 c:/winavr/bin/../lib/gcc/avr/7.3.0/avr5\libgcc.a(_clear_bss.o)
 .text.libgcc.fixed
                0x0000000000001748        0x0 c:/winavr/bin/../lib/gcc/avr/7.3.0/avr5\libgcc.a(_clear_bss.o)
 .text.libgcc.mul
                0x0000000000001748       0x1e c:/winavr/bin/../lib/gcc/avr/7.3.0/avr5\libgcc.a(_umulhisi3.o)
                0x0000000000001748                __umulhisi3
 .text.libgcc.div
                0x0000000000001766        0x0 c:/winavr/bin/../lib/gcc/avr/7.3.0/avr5\libgcc.a(_umulhisi3.o)
 .text.libgcc   0x0000000000001766        0x0 c:/winavr/bin/../lib/gcc/avr/7.3.0/avr5\libgcc.a(_umulhisi3.o)
 .text.libgcc.prologue
                0x0000000000001766        0x0 c:/winavr/bin/../lib/gcc/avr/7.3.0/avr5\libgcc.a(_umulhisi3.o)
 .text.libgcc.builtins
                0x0000000000001766        0x0 c:/winavr/bin/../lib/gcc/avr/7.3.0/avr5\libgcc.a(_umulhisi3.o)
 .text.libgcc.fmul
                0x0000000000001766        0x0 c:/winavr/bin/../lib/gcc/avr/7.3.0/avr5\libgcc.a(_umulhisi3.o)
 .text.libgcc.fixed
                0x0000000000001766        0x0 c:/winavr/bin/../lib/gcc/avr/7.3.0/avr5\libgcc.a(_umulhisi3.o)
 .text.avr-libc.fplib
                0x0000000000001766        0xa c:/winavr/bin/../lib/gcc/avr/7.3.0/../../../../avr/lib/avr5\libm.a(cmpsf2.o)
                0x0000000000001766                __nesf2
                0x0000000000001766                __eqsf2
                0x0000000000001766                __cmpsf2
                0x0000000000001766                __ltsf2
                0x0000000000001766                __lesf2
 .text.avr-libc.fplib
                0x0000000000001770        0x8 c:/winavr/bin/../lib/gcc/avr/7.3.0/../../../../avr/lib/avr5\libm.a(divsf3.o)
                0x0000000000001770                __divsf3
 .text.avr-libc.fplib
                0x0000000000001778       0xdc c:/winavr/bin/../lib/gcc/avr/7.3.0/../../../../avr/lib/avr5\libm.a(divsf3x.o)
                0x0000000000001798                __divsf3x
                0x000000000000179e                __divsf3_pse
 .text.avr-libc.fplib
                0x0000000000001854       0x5e c:/winavr/bin/../lib/gcc/avr/7.3.0/../../../../avr/lib/avr5\libm.a(fixunssfsi.o)
                0x0000000000001854                __fixunssfsi
 .text.avr-libc.fplib
                0x00000000000018b2       0x48 c:/winavr/bin/../lib/gcc/avr/7.3.0/../../../../avr/lib/avr5\libm.a(fp_cmp.o)
                0x00000000000018b2                __fp_cmp
 .text.avr-libc.fplib
                0x00000000000018fa        0xc c:/winavr/bin/../lib/gcc/avr/7.3.0/../../../../avr/lib/avr5\libm.a(fp_inf.o)
                0x00000000000018fa                __fp_inf
 .text.avr-libc.fplib
                0x0000000000001906        0x6 c:/winavr/bin/../lib/gcc/avr/7.3.0/../../../../avr/lib/avr5\libm.a(fp_nan.o)
                0x0000000000001906                __fp_nan
 .text.avr-libc.fplib
                0x000000000000190c        0xe c:/winavr/bin/../lib/gcc/avr/7.3.0/../../../../avr/lib/avr5\libm.a(fp_pscA.o)
                0x000000000000190c                __fp_pscA
 .text.avr-libc.fplib
                0x000000000000191a        0xe c:/winavr/bin/../lib/gcc/avr/7.3.0/../../../../avr/lib/avr5\libm.a(fp_pscB.o)
                0x000000000000191a                __fp_pscB
 .text.avr-libc.fplib
                0x0000000000001928       0x22 c:/winavr/bin/../lib/gcc/avr/7.3.0/../../../../avr/lib/avr5\libm.a(fp_round.o)
                0x0000000000001928                __fp_round
 .text.avr-libc.fplib
                0x000000000000194a       0x44 c:/winavr/bin/../lib/gcc/avr/7.3.0/../../../../avr/lib/avr5\libm.a(fp_split3.o)
                0x000000000000194a                __fp_split3
                0x000000000000195a                __fp_splitA
 .text.avr-libc.fplib
                0x000000000000198e        0xe c:/winavr/bin/../lib/gcc/avr/7.3.0/../../../../avr/lib/avr5\libm.a(fp_zero.o)
                0x000000000000198e                __fp_zero
                0x0000000000001990                __fp_szero
 .text.avr-libc.fplib
                0x000000000000199c        0xa c:/winavr/bin/../lib/gcc/avr/7.3.0/../../../../avr/lib/avr5\libm.a(gesf2.o)
                0x000000000000199c                __gesf2
                0x000000000000199c                __gtsf2
 .text.avr-libc.fplib
                0x00000000000019a6        0x8 c:/winavr/bin/../lib/gcc/avr/7.3.0/../../../../avr/lib/avr5\libm.a(mulsf3.o)
                0x00000000000019a6                __mulsf3
 .text.avr-libc.fplib
                0x00000000000019ae       0xd2 c:/winavr/bin/../lib/gcc/avr/7.3.0/../../../../avr/lib/avr5\libm.a(mulsf3x.o)
                0x00000000000019cc                __mulsf3x
                0x00000000000019d2                __mulsf3_pse
 .text.avr-libc
                0x0000000000001a80       0x16 c:/winavr/bin/../lib/gcc/avr/7.3.0/../../../../avr/lib/avr5\libc.a(itoa.o)
                0x0000000000001a80                __itoa
                0x0000000000001a80                itoa
 .text.avr-libc
                0x0000000000001a96       0x16 c:/winavr/bin/../lib/gcc/avr/7.3.0/../../../../avr/lib/avr5\libc.a(itoa_ncheck.o)
                0x0000000000001a96                __itoa_ncheck
 .text.avr-libc
                0x0000000000001aac       0x34 c:/winavr/bin/../lib/gcc/avr/7.3.0/../../../../avr/lib/avr5\libc.a(utoa_ncheck.o)
                0x0000000000001aac                __utoa_ncheck
                0x0000000000001aae                __utoa_common
 .text.avr-libc
                0x0000000000001ae0       0x20 c:/winavr/bin/../lib/gcc/avr/7.3.0/../../../../avr/lib/avr5\libc.a(strrev.o)
                0x0000000000001ae0                strrev
                0x0000000000001b00                . = ALIGN (0x2)
 *(.fini9)
 .fini9         0x0000000000001b00        0x0 c:/winavr/bin/../lib/gcc/avr/7.3.0/avr5\libgcc.a(_exit.o)
                0x0000000000001b00                _exit
                0x0000000000001b00                exit
 *(.fini9)
 *(.fini8)
 *(.fini8)
 *(.fini7)
 *(.fini7)
 *(.fini6)
 *(.fini6)
 *(.fini5)
 *(.fini5)
 *(.fini4)
 *(.fini4)
 *(.fini3)
 *(.fini3)
 *(.fini2)
 *(.fini2)
 *(.fini1)
 *(.fini1)
 *(.fini0)
 .fini0         0x0000000000001b00        0x4 c:/winavr/bin/../lib/gcc/avr/7.3.0/avr5\libgcc.a(_exit.o)
 *(.fini0)
                0x0000000000001b04                _etext = .

.data           0x0000000000800100       0x26 load address 0x0000000000001b04
                0x0000000000800100                PROVIDE (__data_start, .)
 *(.data)
 .data          0x0000000000800100        0x0 c:/winavr/bin/../lib/gcc/avr/7.3.0/../../../../avr/lib/avr5/crtatmega328p.o
 .data          0x0000000000800100        0x0 obj\Debug\dht11.o
 .data          0x0000000000800100        0x0 obj\Debug\lcd_i2c.o
 .data          0x0000000000800100        0x0 obj\Debug\Hydropo\main.o
 .data          0x0000000000800100        0x0 obj\Debug\wl.o
 .data          0x0000000000800100        0x0 c:/winavr/bin/../lib/gcc/avr/7.3.0/avr5\libgcc.a(_exit.o)
 .data          0x0000000000800100        0x0 c:/winavr/bin/../lib/gcc/avr/7.3.0/avr5\libgcc.a(_copy_data.o)
 .data          0x0000000000800100        0x0 c:/winavr/bin/../lib/gcc/avr/7.3.0/avr5\libgcc.a(_clear_bss.o)
 .data          0x0000000000800100        0x0 c:/winavr/bin/../lib/gcc/avr/7.3.0/avr5\libgcc.a(_umulhisi3.o)
 .data          0x0000000000800100        0x0 c:/winavr/bin/../lib/gcc/avr/7.3.0/../../../../avr/lib/avr5\libm.a(cmpsf2.o)
 .data          0x0000000000800100        0x0 c:/winavr/bin/../lib/gcc/avr/7.3.0/../../../../avr/lib/avr5\libm.a(divsf3.o)
 .data          0x0000000000800100        0x0 c:/winavr/bin/../lib/gcc/avr/7.3.0/../../../../avr/lib/avr5\libm.a(divsf3x.o)
 .data          0x0000000000800100        0x0 c:/winavr/bin/../lib/gcc/avr/7.3.0/../../../../avr/lib/avr5\libm.a(fixunssfsi.o)
 .data          0x0000000000800100        0x0 c:/winavr/bin/../lib/gcc/avr/7.3.0/../../../../avr/lib/avr5\libm.a(fp_cmp.o)
 .data          0x0000000000800100        0x0 c:/winavr/bin/../lib/gcc/avr/7.3.0/../../../../avr/lib/avr5\libm.a(fp_inf.o)
 .data          0x0000000000800100        0x0 c:/winavr/bin/../lib/gcc/avr/7.3.0/../../../../avr/lib/avr5\libm.a(fp_nan.o)
 .data          0x0000000000800100        0x0 c:/winavr/bin/../lib/gcc/avr/7.3.0/../../../../avr/lib/avr5\libm.a(fp_pscA.o)
 .data          0x0000000000800100        0x0 c:/winavr/bin/../lib/gcc/avr/7.3.0/../../../../avr/lib/avr5\libm.a(fp_pscB.o)
 .data          0x0000000000800100        0x0 c:/winavr/bin/../lib/gcc/avr/7.3.0/../../../../avr/lib/avr5\libm.a(fp_round.o)
 .data          0x0000000000800100        0x0 c:/winavr/bin/../lib/gcc/avr/7.3.0/../../../../avr/lib/avr5\libm.a(fp_split3.o)
 .data          0x0000000000800100        0x0 c:/winavr/bin/../lib/gcc/avr/7.3.0/../../../../avr/lib/avr5\libm.a(fp_zero.o)
 .data          0x0000000000800100        0x0 c:/winavr/bin/../lib/gcc/avr/7.3.0/../../../../avr/lib/avr5\libm.a(gesf2.o)
 .data          0x0000000000800100        0x0 c:/winavr/bin/../lib/gcc/avr/7.3.0/../../../../avr/lib/avr5\libm.a(mulsf3.o)
 .data          0x0000000000800100        0x0 c:/winavr/bin/../lib/gcc/avr/7.3.0/../../../../avr/lib/avr5\libm.a(mulsf3x.o)
 .data          0x0000000000800100        0x0 c:/winavr/bin/../lib/gcc/avr/7.3.0/../../../../avr/lib/avr5\libc.a(itoa.o)
 .data          0x0000000000800100        0x0 c:/winavr/bin/../lib/gcc/avr/7.3.0/../../../../avr/lib/avr5\libc.a(itoa_ncheck.o)
 .data          0x0000000000800100        0x0 c:/winavr/bin/../lib/gcc/avr/7.3.0/../../../../avr/lib/avr5\libc.a(utoa_ncheck.o)
 .data          0x0000000000800100        0x0 c:/winavr/bin/../lib/gcc/avr/7.3.0/../../../../avr/lib/avr5\libc.a(strrev.o)
 *(.data*)
 *(.gnu.linkonce.d*)
 *(.rodata)
 .rodata        0x0000000000800100       0x25 obj\Debug\Hydropo\main.o
 *(.rodata*)
 *(.gnu.linkonce.r*)
                0x0000000000800126                . = ALIGN (0x2)
 *fill*         0x0000000000800125        0x1 
                0x0000000000800126                _edata = .
                0x0000000000800126                PROVIDE (__data_end, .)

.bss            0x0000000000800126        0x9
                0x0000000000800126                PROVIDE (__bss_start, .)
 *(.bss)
 .bss           0x0000000000800126        0x0 c:/winavr/bin/../lib/gcc/avr/7.3.0/../../../../avr/lib/avr5/crtatmega328p.o
 .bss           0x0000000000800126        0x0 obj\Debug\dht11.o
 .bss           0x0000000000800126        0x0 obj\Debug\lcd_i2c.o
 .bss           0x0000000000800126        0x3 obj\Debug\Hydropo\main.o
                0x0000000000800126                c
                0x0000000000800127                rxFlag
 .bss           0x0000000000800129        0x0 obj\Debug\wl.o
 .bss           0x0000000000800129        0x0 c:/winavr/bin/../lib/gcc/avr/7.3.0/avr5\libgcc.a(_exit.o)
 .bss           0x0000000000800129        0x0 c:/winavr/bin/../lib/gcc/avr/7.3.0/avr5\libgcc.a(_copy_data.o)
 .bss           0x0000000000800129        0x0 c:/winavr/bin/../lib/gcc/avr/7.3.0/avr5\libgcc.a(_clear_bss.o)
 .bss           0x0000000000800129        0x0 c:/winavr/bin/../lib/gcc/avr/7.3.0/avr5\libgcc.a(_umulhisi3.o)
 .bss           0x0000000000800129        0x0 c:/winavr/bin/../lib/gcc/avr/7.3.0/../../../../avr/lib/avr5\libm.a(cmpsf2.o)
 .bss           0x0000000000800129        0x0 c:/winavr/bin/../lib/gcc/avr/7.3.0/../../../../avr/lib/avr5\libm.a(divsf3.o)
 .bss           0x0000000000800129        0x0 c:/winavr/bin/../lib/gcc/avr/7.3.0/../../../../avr/lib/avr5\libm.a(divsf3x.o)
 .bss           0x0000000000800129        0x0 c:/winavr/bin/../lib/gcc/avr/7.3.0/../../../../avr/lib/avr5\libm.a(fixunssfsi.o)
 .bss           0x0000000000800129        0x0 c:/winavr/bin/../lib/gcc/avr/7.3.0/../../../../avr/lib/avr5\libm.a(fp_cmp.o)
 .bss           0x0000000000800129        0x0 c:/winavr/bin/../lib/gcc/avr/7.3.0/../../../../avr/lib/avr5\libm.a(fp_inf.o)
 .bss           0x0000000000800129        0x0 c:/winavr/bin/../lib/gcc/avr/7.3.0/../../../../avr/lib/avr5\libm.a(fp_nan.o)
 .bss           0x0000000000800129        0x0 c:/winavr/bin/../lib/gcc/avr/7.3.0/../../../../avr/lib/avr5\libm.a(fp_pscA.o)
 .bss           0x0000000000800129        0x0 c:/winavr/bin/../lib/gcc/avr/7.3.0/../../../../avr/lib/avr5\libm.a(fp_pscB.o)
 .bss           0x0000000000800129        0x0 c:/winavr/bin/../lib/gcc/avr/7.3.0/../../../../avr/lib/avr5\libm.a(fp_round.o)
 .bss           0x0000000000800129        0x0 c:/winavr/bin/../lib/gcc/avr/7.3.0/../../../../avr/lib/avr5\libm.a(fp_split3.o)
 .bss           0x0000000000800129        0x0 c:/winavr/bin/../lib/gcc/avr/7.3.0/../../../../avr/lib/avr5\libm.a(fp_zero.o)
 .bss           0x0000000000800129        0x0 c:/winavr/bin/../lib/gcc/avr/7.3.0/../../../../avr/lib/avr5\libm.a(gesf2.o)
 .bss           0x0000000000800129        0x0 c:/winavr/bin/../lib/gcc/avr/7.3.0/../../../../avr/lib/avr5\libm.a(mulsf3.o)
 .bss           0x0000000000800129        0x0 c:/winavr/bin/../lib/gcc/avr/7.3.0/../../../../avr/lib/avr5\libm.a(mulsf3x.o)
 .bss           0x0000000000800129        0x0 c:/winavr/bin/../lib/gcc/avr/7.3.0/../../../../avr/lib/avr5\libc.a(itoa.o)
 .bss           0x0000000000800129        0x0 c:/winavr/bin/../lib/gcc/avr/7.3.0/../../../../avr/lib/avr5\libc.a(itoa_ncheck.o)
 .bss           0x0000000000800129        0x0 c:/winavr/bin/../lib/gcc/avr/7.3.0/../../../../avr/lib/avr5\libc.a(utoa_ncheck.o)
 .bss           0x0000000000800129        0x0 c:/winavr/bin/../lib/gcc/avr/7.3.0/../../../../avr/lib/avr5\libc.a(strrev.o)
 *(.bss*)
 *(COMMON)
 COMMON         0x0000000000800129        0x6 obj\Debug\Hydropo\main.o
                0x0000000000800129                D_RH
                0x000000000080012a                CheckSum
                0x000000000080012b                I_Temp
                0x000000000080012c                I_RH
                0x000000000080012d                D_Temp
                0x000000000080012e                receivedChar
                0x000000000080012f                PROVIDE (__bss_end, .)
                0x0000000000001b04                __data_load_start = LOADADDR (.data)
                0x0000000000001b2a                __data_load_end = (__data_load_start + SIZEOF (.data))

.noinit         0x000000000080012f        0x0
                [!provide]                        PROVIDE (__noinit_start, .)
 *(.noinit*)
                [!provide]                        PROVIDE (__noinit_end, .)
                0x000000000080012f                _end = .
                [!provide]                        PROVIDE (__heap_start, .)

.eeprom         0x0000000000810000        0x0
 *(.eeprom*)
                0x0000000000810000                __eeprom_end = .

.fuse
 *(.fuse)
 *(.lfuse)
 *(.hfuse)
 *(.efuse)

.lock
 *(.lock*)

.signature
 *(.signature*)

.user_signatures
 *(.user_signatures*)

.stab
 *(.stab)

.stabstr
 *(.stabstr)

.stab.excl
 *(.stab.excl)

.stab.exclstr
 *(.stab.exclstr)

.stab.index
 *(.stab.index)

.stab.indexstr
 *(.stab.indexstr)

.comment        0x0000000000000000       0x30
 *(.comment)
 .comment       0x0000000000000000       0x30 obj\Debug\dht11.o
                                         0x31 (size before relaxing)
 .comment       0x0000000000000030       0x31 obj\Debug\lcd_i2c.o
 .comment       0x0000000000000030       0x31 obj\Debug\Hydropo\main.o
 .comment       0x0000000000000030       0x31 obj\Debug\wl.o

.note.gnu.avr.deviceinfo
                0x0000000000000000       0x40
 .note.gnu.avr.deviceinfo
                0x0000000000000000       0x40 c:/winavr/bin/../lib/gcc/avr/7.3.0/../../../../avr/lib/avr5/crtatmega328p.o

.note.gnu.build-id
 *(.note.gnu.build-id)

.debug
 *(.debug)

.line
 *(.line)

.debug_srcinfo
 *(.debug_srcinfo)

.debug_sfnames
 *(.debug_sfnames)

.debug_aranges  0x0000000000000000       0x80
 *(.debug_aranges)
 .debug_aranges
                0x0000000000000000       0x20 obj\Debug\dht11.o
 .debug_aranges
                0x0000000000000020       0x20 obj\Debug\lcd_i2c.o
 .debug_aranges
                0x0000000000000040       0x20 obj\Debug\Hydropo\main.o
 .debug_aranges
                0x0000000000000060       0x20 obj\Debug\wl.o

.debug_pubnames
 *(.debug_pubnames)

.debug_info     0x0000000000000000     0x14df
 *(.debug_info .gnu.linkonce.wi.*)
 .debug_info    0x0000000000000000      0x5f4 c:/winavr/bin/../lib/gcc/avr/7.3.0/../../../../avr/lib/avr5/crtatmega328p.o
 .debug_info    0x00000000000005f4       0xd9 obj\Debug\dht11.o
 .debug_info    0x00000000000006cd      0x665 obj\Debug\lcd_i2c.o
 .debug_info    0x0000000000000d32      0x6e2 obj\Debug\Hydropo\main.o
 .debug_info    0x0000000000001414       0xcb obj\Debug\wl.o

.debug_abbrev   0x0000000000000000      0xa85
 *(.debug_abbrev)
 .debug_abbrev  0x0000000000000000      0x5a2 c:/winavr/bin/../lib/gcc/avr/7.3.0/../../../../avr/lib/avr5/crtatmega328p.o
 .debug_abbrev  0x00000000000005a2       0x92 obj\Debug\dht11.o
 .debug_abbrev  0x0000000000000634      0x18a obj\Debug\lcd_i2c.o
 .debug_abbrev  0x00000000000007be      0x235 obj\Debug\Hydropo\main.o
 .debug_abbrev  0x00000000000009f3       0x92 obj\Debug\wl.o

.debug_line     0x0000000000000000      0xb72
 *(.debug_line .debug_line.* .debug_line_end)
 .debug_line    0x0000000000000000       0x1a c:/winavr/bin/../lib/gcc/avr/7.3.0/../../../../avr/lib/avr5/crtatmega328p.o
 .debug_line    0x000000000000001a       0xa9 obj\Debug\dht11.o
 .debug_line    0x00000000000000c3      0x48a obj\Debug\lcd_i2c.o
 .debug_line    0x000000000000054d      0x585 obj\Debug\Hydropo\main.o
 .debug_line    0x0000000000000ad2       0xa0 obj\Debug\wl.o

.debug_frame    0x0000000000000000      0x3ec
 *(.debug_frame)
 .debug_frame   0x0000000000000000       0x54 obj\Debug\dht11.o
 .debug_frame   0x0000000000000054      0x1b4 obj\Debug\lcd_i2c.o
 .debug_frame   0x0000000000000208      0x190 obj\Debug\Hydropo\main.o
 .debug_frame   0x0000000000000398       0x54 obj\Debug\wl.o

.debug_str      0x0000000000000000      0x53f
 *(.debug_str)
 .debug_str     0x0000000000000000      0x208 c:/winavr/bin/../lib/gcc/avr/7.3.0/../../../../avr/lib/avr5/crtatmega328p.o
 .debug_str     0x0000000000000208       0xda obj\Debug\dht11.o
                                        0x10e (size before relaxing)
 .debug_str     0x00000000000002e2      0x11f obj\Debug\lcd_i2c.o
                                        0x1fa (size before relaxing)
 .debug_str     0x0000000000000401       0xff obj\Debug\Hydropo\main.o
                                        0x24d (size before relaxing)
 .debug_str     0x0000000000000500       0x3f obj\Debug\wl.o
                                        0x11a (size before relaxing)

.debug_loc      0x0000000000000000      0x7c0
 *(.debug_loc)
 .debug_loc     0x0000000000000000       0x83 obj\Debug\dht11.o
 .debug_loc     0x0000000000000083      0x37f obj\Debug\lcd_i2c.o
 .debug_loc     0x0000000000000402      0x33b obj\Debug\Hydropo\main.o
 .debug_loc     0x000000000000073d       0x83 obj\Debug\wl.o

.debug_macinfo
 *(.debug_macinfo)

.debug_weaknames
 *(.debug_weaknames)

.debug_funcnames
 *(.debug_funcnames)

.debug_typenames
 *(.debug_typenames)

.debug_varnames
 *(.debug_varnames)

.debug_pubtypes
 *(.debug_pubtypes)

.debug_ranges   0x0000000000000000       0x30
 *(.debug_ranges)
 .debug_ranges  0x0000000000000000       0x30 obj\Debug\lcd_i2c.o

.debug_macro
 *(.debug_macro)
OUTPUT(bin\Debug\Hydropo.elf elf32-avr)
LOAD linker stubs

Cross Reference Table

Symbol                                            File
CheckSum                                          obj\Debug\Hydropo\main.o
D_RH                                              obj\Debug\Hydropo\main.o
D_Temp                                            obj\Debug\Hydropo\main.o
I_RH                                              obj\Debug\Hydropo\main.o
I_Temp                                            obj\Debug\Hydropo\main.o
Receive_data                                      obj\Debug\Hydropo\main.o
Request                                           obj\Debug\Hydropo\main.o
Response                                          obj\Debug\Hydropo\main.o
__DATA_REGION_LENGTH__                            c:/winavr/bin/../lib/gcc/avr/7.3.0/../../../../avr/lib/avr5/crtatmega328p.o
__DATA_REGION_ORIGIN__                            c:/winavr/bin/../lib/gcc/avr/7.3.0/../../../../avr/lib/avr5/crtatmega328p.o
__EEPROM_REGION_LENGTH__                          c:/winavr/bin/../lib/gcc/avr/7.3.0/../../../../avr/lib/avr5/crtatmega328p.o
__FUSE_REGION_LENGTH__                            c:/winavr/bin/../lib/gcc/avr/7.3.0/../../../../avr/lib/avr5/crtatmega328p.o
__TEXT_REGION_LENGTH__                            c:/winavr/bin/../lib/gcc/avr/7.3.0/../../../../avr/lib/avr5/crtatmega328p.o
__bad_interrupt                                   c:/winavr/bin/../lib/gcc/avr/7.3.0/../../../../avr/lib/avr5/crtatmega328p.o
__bss_end                                         c:/winavr/bin/../lib/gcc/avr/7.3.0/avr5\libgcc.a(_clear_bss.o)
__bss_start                                       c:/winavr/bin/../lib/gcc/avr/7.3.0/avr5\libgcc.a(_clear_bss.o)
__cmpsf2                                          c:/winavr/bin/../lib/gcc/avr/7.3.0/../../../../avr/lib/avr5\libm.a(cmpsf2.o)
__data_end                                        c:/winavr/bin/../lib/gcc/avr/7.3.0/avr5\libgcc.a(_copy_data.o)
__data_load_start                                 c:/winavr/bin/../lib/gcc/avr/7.3.0/avr5\libgcc.a(_copy_data.o)
__data_start                                      c:/winavr/bin/../lib/gcc/avr/7.3.0/avr5\libgcc.a(_copy_data.o)
__divsf3                                          c:/winavr/bin/../lib/gcc/avr/7.3.0/../../../../avr/lib/avr5\libm.a(divsf3.o)
                                                  obj\Debug\Hydropo\main.o
                                                  obj\Debug\lcd_i2c.o
__divsf3_pse                                      c:/winavr/bin/../lib/gcc/avr/7.3.0/../../../../avr/lib/avr5\libm.a(divsf3x.o)
__divsf3x                                         c:/winavr/bin/../lib/gcc/avr/7.3.0/../../../../avr/lib/avr5\libm.a(divsf3x.o)
                                                  c:/winavr/bin/../lib/gcc/avr/7.3.0/../../../../avr/lib/avr5\libm.a(divsf3.o)
__do_clear_bss                                    c:/winavr/bin/../lib/gcc/avr/7.3.0/avr5\libgcc.a(_clear_bss.o)
                                                  obj\Debug\Hydropo\main.o
__do_copy_data                                    c:/winavr/bin/../lib/gcc/avr/7.3.0/avr5\libgcc.a(_copy_data.o)
                                                  obj\Debug\Hydropo\main.o
__eqsf2                                           c:/winavr/bin/../lib/gcc/avr/7.3.0/../../../../avr/lib/avr5\libm.a(cmpsf2.o)
__fixunssfsi                                      c:/winavr/bin/../lib/gcc/avr/7.3.0/../../../../avr/lib/avr5\libm.a(fixunssfsi.o)
                                                  obj\Debug\Hydropo\main.o
                                                  obj\Debug\lcd_i2c.o
__fp_cmp                                          c:/winavr/bin/../lib/gcc/avr/7.3.0/../../../../avr/lib/avr5\libm.a(fp_cmp.o)
                                                  c:/winavr/bin/../lib/gcc/avr/7.3.0/../../../../avr/lib/avr5\libm.a(gesf2.o)
                                                  c:/winavr/bin/../lib/gcc/avr/7.3.0/../../../../avr/lib/avr5\libm.a(cmpsf2.o)
__fp_inf                                          c:/winavr/bin/../lib/gcc/avr/7.3.0/../../../../avr/lib/avr5\libm.a(fp_inf.o)
                                                  c:/winavr/bin/../lib/gcc/avr/7.3.0/../../../../avr/lib/avr5\libm.a(mulsf3x.o)
                                                  c:/winavr/bin/../lib/gcc/avr/7.3.0/../../../../avr/lib/avr5\libm.a(divsf3x.o)
__fp_nan                                          c:/winavr/bin/../lib/gcc/avr/7.3.0/../../../../avr/lib/avr5\libm.a(fp_nan.o)
                                                  c:/winavr/bin/../lib/gcc/avr/7.3.0/../../../../avr/lib/avr5\libm.a(mulsf3x.o)
                                                  c:/winavr/bin/../lib/gcc/avr/7.3.0/../../../../avr/lib/avr5\libm.a(divsf3x.o)
__fp_pscA                                         c:/winavr/bin/../lib/gcc/avr/7.3.0/../../../../avr/lib/avr5\libm.a(fp_pscA.o)
                                                  c:/winavr/bin/../lib/gcc/avr/7.3.0/../../../../avr/lib/avr5\libm.a(mulsf3x.o)
                                                  c:/winavr/bin/../lib/gcc/avr/7.3.0/../../../../avr/lib/avr5\libm.a(divsf3x.o)
__fp_pscB                                         c:/winavr/bin/../lib/gcc/avr/7.3.0/../../../../avr/lib/avr5\libm.a(fp_pscB.o)
                                                  c:/winavr/bin/../lib/gcc/avr/7.3.0/../../../../avr/lib/avr5\libm.a(mulsf3x.o)
                                                  c:/winavr/bin/../lib/gcc/avr/7.3.0/../../../../avr/lib/avr5\libm.a(divsf3x.o)
__fp_round                                        c:/winavr/bin/../lib/gcc/avr/7.3.0/../../../../avr/lib/avr5\libm.a(fp_round.o)
                                                  c:/winavr/bin/../lib/gcc/avr/7.3.0/../../../../avr/lib/avr5\libm.a(mulsf3.o)
                                                  c:/winavr/bin/../lib/gcc/avr/7.3.0/../../../../avr/lib/avr5\libm.a(divsf3.o)
__fp_split3                                       c:/winavr/bin/../lib/gcc/avr/7.3.0/../../../../avr/lib/avr5\libm.a(fp_split3.o)
                                                  c:/winavr/bin/../lib/gcc/avr/7.3.0/../../../../avr/lib/avr5\libm.a(mulsf3x.o)
                                                  c:/winavr/bin/../lib/gcc/avr/7.3.0/../../../../avr/lib/avr5\libm.a(divsf3x.o)
__fp_splitA                                       c:/winavr/bin/../lib/gcc/avr/7.3.0/../../../../avr/lib/avr5\libm.a(fp_split3.o)
                                                  c:/winavr/bin/../lib/gcc/avr/7.3.0/../../../../avr/lib/avr5\libm.a(fixunssfsi.o)
__fp_szero                                        c:/winavr/bin/../lib/gcc/avr/7.3.0/../../../../avr/lib/avr5\libm.a(fp_zero.o)
                                                  c:/winavr/bin/../lib/gcc/avr/7.3.0/../../../../avr/lib/avr5\libm.a(mulsf3x.o)
                                                  c:/winavr/bin/../lib/gcc/avr/7.3.0/../../../../avr/lib/avr5\libm.a(divsf3x.o)
__fp_zero                                         c:/winavr/bin/../lib/gcc/avr/7.3.0/../../../../avr/lib/avr5\libm.a(fp_zero.o)
                                                  c:/winavr/bin/../lib/gcc/avr/7.3.0/../../../../avr/lib/avr5\libm.a(fixunssfsi.o)
__gesf2                                           c:/winavr/bin/../lib/gcc/avr/7.3.0/../../../../avr/lib/avr5\libm.a(gesf2.o)
__gtsf2                                           c:/winavr/bin/../lib/gcc/avr/7.3.0/../../../../avr/lib/avr5\libm.a(gesf2.o)
                                                  obj\Debug\Hydropo\main.o
                                                  obj\Debug\lcd_i2c.o
__heap_end                                        c:/winavr/bin/../lib/gcc/avr/7.3.0/../../../../avr/lib/avr5/crtatmega328p.o
__init                                            c:/winavr/bin/../lib/gcc/avr/7.3.0/../../../../avr/lib/avr5/crtatmega328p.o
__itoa                                            c:/winavr/bin/../lib/gcc/avr/7.3.0/../../../../avr/lib/avr5\libc.a(itoa.o)
__itoa_ncheck                                     c:/winavr/bin/../lib/gcc/avr/7.3.0/../../../../avr/lib/avr5\libc.a(itoa_ncheck.o)
                                                  c:/winavr/bin/../lib/gcc/avr/7.3.0/../../../../avr/lib/avr5\libc.a(itoa.o)
__lesf2                                           c:/winavr/bin/../lib/gcc/avr/7.3.0/../../../../avr/lib/avr5\libm.a(cmpsf2.o)
__ltsf2                                           c:/winavr/bin/../lib/gcc/avr/7.3.0/../../../../avr/lib/avr5\libm.a(cmpsf2.o)
                                                  obj\Debug\Hydropo\main.o
                                                  obj\Debug\lcd_i2c.o
__mulsf3                                          c:/winavr/bin/../lib/gcc/avr/7.3.0/../../../../avr/lib/avr5\libm.a(mulsf3.o)
                                                  obj\Debug\Hydropo\main.o
                                                  obj\Debug\lcd_i2c.o
__mulsf3_pse                                      c:/winavr/bin/../lib/gcc/avr/7.3.0/../../../../avr/lib/avr5\libm.a(mulsf3x.o)
__mulsf3x                                         c:/winavr/bin/../lib/gcc/avr/7.3.0/../../../../avr/lib/avr5\libm.a(mulsf3x.o)
                                                  c:/winavr/bin/../lib/gcc/avr/7.3.0/../../../../avr/lib/avr5\libm.a(mulsf3.o)
__nesf2                                           c:/winavr/bin/../lib/gcc/avr/7.3.0/../../../../avr/lib/avr5\libm.a(cmpsf2.o)
__stack                                           c:/winavr/bin/../lib/gcc/avr/7.3.0/../../../../avr/lib/avr5/crtatmega328p.o
__umulhisi3                                       c:/winavr/bin/../lib/gcc/avr/7.3.0/avr5\libgcc.a(_umulhisi3.o)
                                                  obj\Debug\dht11.o
__utoa_common                                     c:/winavr/bin/../lib/gcc/avr/7.3.0/../../../../avr/lib/avr5\libc.a(utoa_ncheck.o)
                                                  c:/winavr/bin/../lib/gcc/avr/7.3.0/../../../../avr/lib/avr5\libc.a(itoa_ncheck.o)
__utoa_ncheck                                     c:/winavr/bin/../lib/gcc/avr/7.3.0/../../../../avr/lib/avr5\libc.a(utoa_ncheck.o)
__vector_1                                        c:/winavr/bin/../lib/gcc/avr/7.3.0/../../../../avr/lib/avr5/crtatmega328p.o
__vector_10                                       c:/winavr/bin/../lib/gcc/avr/7.3.0/../../../../avr/lib/avr5/crtatmega328p.o
__vector_11                                       c:/winavr/bin/../lib/gcc/avr/7.3.0/../../../../avr/lib/avr5/crtatmega328p.o
__vector_12                                       c:/winavr/bin/../lib/gcc/avr/7.3.0/../../../../avr/lib/avr5/crtatmega328p.o
__vector_13                                       c:/winavr/bin/../lib/gcc/avr/7.3.0/../../../../avr/lib/avr5/crtatmega328p.o
__vector_14                                       c:/winavr/bin/../lib/gcc/avr/7.3.0/../../../../avr/lib/avr5/crtatmega328p.o
__vector_15                                       c:/winavr/bin/../lib/gcc/avr/7.3.0/../../../../avr/lib/avr5/crtatmega328p.o
__vector_16                                       c:/winavr/bin/../lib/gcc/avr/7.3.0/../../../../avr/lib/avr5/crtatmega328p.o
__vector_17                                       c:/winavr/bin/../lib/gcc/avr/7.3.0/../../../../avr/lib/avr5/crtatmega328p.o
__vector_18                                       obj\Debug\Hydropo\main.o
                                                  c:/winavr/bin/../lib/gcc/avr/7.3.0/../../../../avr/lib/avr5/crtatmega328p.o
__vector_19                                       c:/winavr/bin/../lib/gcc/avr/7.3.0/../../../../avr/lib/avr5/crtatmega328p.o
__vector_2                                        c:/winavr/bin/../lib/gcc/avr/7.3.0/../../../../avr/lib/avr5/crtatmega328p.o
__vector_20                                       c:/winavr/bin/../lib/gcc/avr/7.3.0/../../../../avr/lib/avr5/crtatmega328p.o
__vector_21                                       c:/winavr/bin/../lib/gcc/avr/7.3.0/../../../../avr/lib/avr5/crtatmega328p.o
__vector_22                                       c:/winavr/bin/../lib/gcc/avr/7.3.0/../../../../avr/lib/avr5/crtatmega328p.o
__vector_23                                       c:/winavr/bin/../lib/gcc/avr/7.3.0/../../../../avr/lib/avr5/crtatmega328p.o
__vector_24                                       c:/winavr/bin/../lib/gcc/avr/7.3.0/../../../../avr/lib/avr5/crtatmega328p.o
__vector_25                                       c:/winavr/bin/../lib/gcc/avr/7.3.0/../../../../avr/lib/avr5/crtatmega328p.o
__vector_3                                        c:/winavr/bin/../lib/gcc/avr/7.3.0/../../../../avr/lib/avr5/crtatmega328p.o
__vector_4                                        c:/winavr/bin/../lib/gcc/avr/7.3.0/../../../../avr/lib/avr5/crtatmega328p.o
__vector_5                                        c:/winavr/bin/../lib/gcc/avr/7.3.0/../../../../avr/lib/avr5/crtatmega328p.o
__vector_6                                        c:/winavr/bin/../lib/gcc/avr/7.3.0/../../../../avr/lib/avr5/crtatmega328p.o
__vector_7                                        c:/winavr/bin/../lib/gcc/avr/7.3.0/../../../../avr/lib/avr5/crtatmega328p.o
__vector_8                                        c:/winavr/bin/../lib/gcc/avr/7.3.0/../../../../avr/lib/avr5/crtatmega328p.o
__vector_9                                        c:/winavr/bin/../lib/gcc/avr/7.3.0/../../../../avr/lib/avr5/crtatmega328p.o
__vector_default                                  c:/winavr/bin/../lib/gcc/avr/7.3.0/../../../../avr/lib/avr5/crtatmega328p.o
__vectors                                         c:/winavr/bin/../lib/gcc/avr/7.3.0/../../../../avr/lib/avr5/crtatmega328p.o
_exit                                             c:/winavr/bin/../lib/gcc/avr/7.3.0/avr5\libgcc.a(_exit.o)
c                                                 obj\Debug\Hydropo\main.o
control_devices                                   obj\Debug\Hydropo\main.o
dht11_init                                        obj\Debug\dht11.o
dht11_read                                        obj\Debug\dht11.o
display_data                                      obj\Debug\Hydropo\main.o
exit                                              c:/winavr/bin/../lib/gcc/avr/7.3.0/avr5\libgcc.a(_exit.o)
                                                  c:/winavr/bin/../lib/gcc/avr/7.3.0/../../../../avr/lib/avr5/crtatmega328p.o
i2c_init                                          obj\Debug\lcd_i2c.o
                                                  obj\Debug\Hydropo\main.o
i2c_start                                         obj\Debug\lcd_i2c.o
i2c_stop                                          obj\Debug\lcd_i2c.o
i2c_write                                         obj\Debug\lcd_i2c.o
init_adc                                          obj\Debug\Hydropo\main.o
itoa                                              c:/winavr/bin/../lib/gcc/avr/7.3.0/../../../../avr/lib/avr5\libc.a(itoa.o)
                                                  obj\Debug\Hydropo\main.o
lcd_backlight                                     obj\Debug\lcd_i2c.o
lcd_clrscr                                        obj\Debug\lcd_i2c.o
                                                  obj\Debug\Hydropo\main.o
lcd_command                                       obj\Debug\lcd_i2c.o
lcd_data                                          obj\Debug\lcd_i2c.o
lcd_gotoxy                                        obj\Debug\lcd_i2c.o
                                                  obj\Debug\Hydropo\main.o
lcd_init                                          obj\Debug\lcd_i2c.o
                                                  obj\Debug\Hydropo\main.o
lcd_putc                                          obj\Debug\lcd_i2c.o
lcd_puts                                          obj\Debug\lcd_i2c.o
                                                  obj\Debug\Hydropo\main.o
lcd_toggle_enable                                 obj\Debug\lcd_i2c.o
main                                              obj\Debug\Hydropo\main.o
                                                  c:/winavr/bin/../lib/gcc/avr/7.3.0/../../../../avr/lib/avr5/crtatmega328p.o
read_adc                                          obj\Debug\Hydropo\main.o
receivedChar                                      obj\Debug\Hydropo\main.o
rxFlag                                            obj\Debug\Hydropo\main.o
strrev                                            c:/winavr/bin/../lib/gcc/avr/7.3.0/../../../../avr/lib/avr5\libc.a(strrev.o)
                                                  c:/winavr/bin/../lib/gcc/avr/7.3.0/../../../../avr/lib/avr5\libc.a(utoa_ncheck.o)
uart_init                                         obj\Debug\Hydropo\main.o
uart_transmit                                     obj\Debug\Hydropo\main.o
waterlevel_sensor_init                            obj\Debug\wl.o
waterlevel_sensor_read                            obj\Debug\wl.o
